     VMA      LMA     Size Align Out     In      Symbol
       0        0 80200000     1 . = 0x80200000
80200000        0        0     1 __kernel_base = .
80200000 80200000      ed6     4 .text
80200000 80200000        e     2         /var/folders/qj/b39v5tv96mq5nv9hzh517zz00000gn/T/kernel-7f5844.o:(.text.boot)
80200000 80200000        0     1                 .L0 
80200000 80200000        0     1                 .L0 
80200000 80200000        0     1                 $x
80200000 80200000        0     1                 .L0 
80200000 80200000        e     1                 boot
8020000e 8020000e        0     1                 .L0 
8020000e 8020000e        0     1                 .L0 
80200010 80200010      c78     4         /var/folders/qj/b39v5tv96mq5nv9hzh517zz00000gn/T/kernel-7f5844.o:(.text)
80200010 80200010        0     1                 .L0 
80200010 80200010        0     1                 .L0 
80200010 80200010        0     1                 $x
80200010 80200010        0     1                 .L0 
80200010 80200010        6     1                 sbi_call
80200016 80200016        0     1                 .L0 
80200016 80200016        0     1                 .L0 
80200016 80200016       14     1                 putchar
8020002a 8020002a        0     1                 .L0 
8020002a 8020002a        0     1                 .L0 
8020002a 8020002a       16     1                 getchar
80200040 80200040        0     1                 .L0 
80200040 80200040        0     1                 .L0 
80200040 80200040       46     1                 switch_context
80200086 80200086        0     1                 .L0 
80200086 80200086        0     1                 .L0 
80200086 80200086       52     1                 alloc_pages
8020008c 8020008c        0     1                 .L0 
8020008c 8020008c        0     1                 .L0 
80200094 80200094        0     1                 .L0 
80200094 80200094        0     1                 .L0 
8020009c 8020009c        0     1                 .L0 
8020009c 8020009c        0     1                 .L0 
802000a4 802000a4        0     1                 .L0 
802000a8 802000a8        0     1                 .L0 
802000ac 802000ac        0     1                 .L0 
802000c4 802000c4        0     1                 .L0 
802000c6 802000c6        0     1                 .L0 
802000c6 802000c6        0     1                 .L0 
802000ce 802000ce        0     1                 .L0 
802000ce 802000ce        0     1                 .L0 
802000d4 802000d4        0     1                 .L0 
802000d4 802000d4        0     1                 .L0 
802000d8 802000d8        0     1                 .L0 
802000d8 802000d8        0     1                 .L0 
802000d8 802000d8        0     1                 .L0 
802000d8 802000d8        0     1                 .L0 
802000d8 802000d8       e0     1                 map_page
802000e6 802000e6        0     1                 .L0 
802000e8 802000e8        0     1                 .L0 
802000e8 802000e8        0     1                 .L0 
802000ec 802000ec        0     1                 .L0 
802000f0 802000f0        0     1                 .L0 
80200100 80200100        0     1                 .L0 
80200102 80200102        0     1                 .L0 
80200106 80200106        0     1                 .L0 
80200108 80200108        0     1                 .L0 
80200108 80200108        0     1                 .L0 
80200108 80200108        0     1                 .L0 
8020010e 8020010e        0     1                 .L0 
80200110 80200110        0     1                 .L0 
80200114 80200114        0     1                 .L0 
80200122 80200122        0     1                 .L0 
80200126 80200126        0     1                 .L0 
8020012a 8020012a        0     1                 .L0 
8020012c 8020012c        0     1                 .L0 
8020012c 8020012c        0     1                 .L0 
8020012c 8020012c        0     1                 .L0 
80200138 80200138        0     1                 .L0 
80200138 80200138        0     1                 .L0 
8020013e 8020013e        0     1                 .L0 
8020013e 8020013e        0     1                 .L0 
80200146 80200146        0     1                 .L0 
80200146 80200146        0     1                 .L0 
8020014a 8020014a        0     1                 .L0 
80200152 80200152        0     1                 .L0 
80200156 80200156        0     1                 .L0 
8020015a 8020015a        0     1                 .L0 
8020016e 8020016e        0     1                 .L0 
80200172 80200172        0     1                 .L0 
80200174 80200174        0     1                 .L0 
80200174 80200174        0     1                 .L0 
80200174 80200174        0     1                 .L0 
80200176 80200176        0     1                 .L0 
80200176 80200176        0     1                 .L0 
8020017e 8020017e        0     1                 .L0 
80200182 80200182        0     1                 .L0 
80200182 80200182        0     1                 .L0 
80200186 80200186        0     1                 .L0 
80200190 80200190        0     1                 .L0 
80200190 80200190        0     1                 .L0 
80200196 80200196        0     1                 .L0 
8020019c 8020019c        0     1                 .L0 
802001a6 802001a6        0     1                 .L0 
802001b4 802001b4        0     1                 .L0 
802001b8 802001b8        0     1                 .L0 
802001b8 802001b8        0     1                 .L0 
802001b8 802001b8        0     1                 .L0 
802001b8 802001b8        0     1                 .L0 
802001b8 802001b8       16     1                 user_entry
802001ce 802001ce        0     1                 .L0 
802001ce 802001ce        0     1                 .L0 
802001ce 802001ce      280     1                 create_process
802001ea 802001ea        0     1                 .L0 
802001ec 802001ec        0     1                 .L0 
802001ec 802001ec        0     1                 .L0 
802001fa 802001fa        0     1                 .L0 
802001fa 802001fa        0     1                 .L0 
802001fc 802001fc        0     1                 .L0 
802001fc 802001fc        0     1                 .L0 
80200204 80200204        0     1                 .L0 
80200206 80200206        0     1                 .L0 
80200206 80200206        0     1                 .L0 
8020020e 8020020e        0     1                 .L0 
80200210 80200210        0     1                 .L0 
80200210 80200210        0     1                 .L0 
80200218 80200218        0     1                 .L0 
8020021a 8020021a        0     1                 .L0 
8020021a 8020021a        0     1                 .L0 
80200222 80200222        0     1                 .L0 
80200224 80200224        0     1                 .L0 
80200224 80200224        0     1                 .L0 
8020022c 8020022c        0     1                 .L0 
8020022e 8020022e        0     1                 .L0 
8020022e 8020022e        0     1                 .L0 
80200236 80200236        0     1                 .L0 
80200238 80200238        0     1                 .L0 
80200238 80200238        0     1                 .L0 
80200240 80200240        0     1                 .L0 
80200242 80200242        0     1                 .L0 
80200242 80200242        0     1                 .L0 
8020025a 8020025a        0     1                 .L0 
8020025c 8020025c        0     1                 .L0 
8020025c 8020025c        0     1                 .L0 
8020025c 8020025c        0     1                 .L0 
80200260 80200260        0     1                 .L0 
80200260 80200260        0     1                 .L0 
80200266 80200266        0     1                 .L0 
80200268 80200268        0     1                 .L0 
80200268 80200268        0     1                 .L0 
80200268 80200268        0     1                 .L0 
80200270 80200270        0     1                 .L0 
80200272 80200272        0     1                 .L0 
80200272 80200272        0     1                 .L0 
80200272 80200272        0     1                 .L0 
8020027a 8020027a        0     1                 .L0 
8020027c 8020027c        0     1                 .L0 
8020027c 8020027c        0     1                 .L0 
8020027c 8020027c        0     1                 .L0 
80200284 80200284        0     1                 .L0 
80200286 80200286        0     1                 .L0 
80200286 80200286        0     1                 .L0 
80200286 80200286        0     1                 .L0 
8020028e 8020028e        0     1                 .L0 
80200290 80200290        0     1                 .L0 
80200290 80200290        0     1                 .L0 
80200290 80200290        0     1                 .L0 
80200298 80200298        0     1                 .L0 
8020029a 8020029a        0     1                 .L0 
8020029a 8020029a        0     1                 .L0 
8020029a 8020029a        0     1                 .L0 
802002a2 802002a2        0     1                 .L0 
802002a2 802002a2        0     1                 .L0 
802002a2 802002a2        0     1                 .L0 
802002aa 802002aa        0     1                 .L0 
802002aa 802002aa        0     1                 .L0 
802002ac 802002ac        0     1                 .L0 
802002ac 802002ac        0     1                 .L0 
802002b6 802002b6        0     1                 .L0 
802002b6 802002b6        0     1                 .L0 
802002bc 802002bc        0     1                 .L0 
802002c8 802002c8        0     1                 .L0 
802002c8 802002c8        0     1                 .L0 
802002ca 802002ca        0     1                 .L0 
802002ce 802002ce        0     1                 .L0 
802002d2 802002d2        0     1                 .L0 
802002d6 802002d6        0     1                 .L0 
802002da 802002da        0     1                 .L0 
802002de 802002de        0     1                 .L0 
802002e2 802002e2        0     1                 .L0 
802002e6 802002e6        0     1                 .L0 
802002ea 802002ea        0     1                 .L0 
802002ee 802002ee        0     1                 .L0 
802002f6 802002f6        0     1                 .L0 
802002fa 802002fa        0     1                 .L0 
802002fe 802002fe        0     1                 .L0 
802002fe 802002fe        0     1                 .L0 
80200302 80200302        0     1                 .L0 
80200302 80200302        0     1                 .L0 
8020031a 8020031a        0     1                 .L0 
8020031c 8020031c        0     1                 .L0 
8020031c 8020031c        0     1                 .L0 
8020031e 8020031e        0     1                 .L0 
8020032a 8020032a        0     1                 .L0 
8020032a 8020032a        0     1                 .L0 
80200332 80200332        0     1                 .L0 
80200332 80200332        0     1                 .L0 
80200336 80200336        0     1                 .L0 
80200336 80200336        0     1                 .L0 
80200336 80200336        0     1                 .L0 
80200340 80200340        0     1                 .L0 
80200340 80200340        0     1                 .L0 
80200342 80200342        0     1                 .L0 
80200346 80200346        0     1                 .L0 
80200346 80200346        0     1                 .L0 
80200346 80200346        0     1                 .L0 
8020034a 8020034a        0     1                 .L0 
80200350 80200350        0     1                 .L0 
80200350 80200350        0     1                 .L0 
80200358 80200358        0     1                 .L0 
80200358 80200358        0     1                 .L0 
8020035a 8020035a        0     1                 .L0 
80200360 80200360        0     1                 .L0 
80200364 80200364        0     1                 .L0 
8020037c 8020037c        0     1                 .L0 
8020037e 8020037e        0     1                 .L0 
8020037e 8020037e        0     1                 .L0 
80200388 80200388        0     1                 .L0 
80200388 80200388        0     1                 .L0 
8020038a 8020038a        0     1                 .L0 
80200394 80200394        0     1                 .L0 
80200394 80200394        0     1                 .L0 
8020039c 8020039c        0     1                 .L0 
802003a2 802003a2        0     1                 .L0 
802003a2 802003a2        0     1                 .L0 
802003a6 802003a6        0     1                 .L0 
802003a6 802003a6        0     1                 .L0 
802003b8 802003b8        0     1                 .L0 
802003b8 802003b8        0     1                 .L0 
802003ba 802003ba        0     1                 .L0 
802003ba 802003ba        0     1                 .L0 
802003bc 802003bc        0     1                 .L0 
802003c2 802003c2        0     1                 .L0 
802003c2 802003c2        0     1                 .L0 
802003c6 802003c6        0     1                 .L0 
802003ce 802003ce        0     1                 .L0 
802003ce 802003ce        0     1                 .L0 
802003d0 802003d0        0     1                 .L0 
802003d8 802003d8        0     1                 .L0 
802003dc 802003dc        0     1                 .L0 
802003dc 802003dc        0     1                 .L0 
802003dc 802003dc        0     1                 .L0 
802003e0 802003e0        0     1                 .L0 
802003e0 802003e0        0     1                 .L0 
802003e8 802003e8        0     1                 .L0 
802003ec 802003ec        0     1                 .L0 
802003f6 802003f6        0     1                 .L0 
802003f6 802003f6        0     1                 .L0 
802003f8 802003f8        0     1                 .L0 
802003f8 802003f8        0     1                 .L0 
802003fc 802003fc        0     1                 .L0 
802003fc 802003fc        0     1                 .L0 
80200400 80200400        0     1                 .L0 
80200404 80200404        0     1                 .L0 
80200422 80200422        0     1                 .L0 
80200424 80200424        0     1                 .L0 
80200426 80200426        0     1                 .L0 
8020042a 8020042a        0     1                 .L0 
80200430 80200430        0     1                 .L0 
80200434 80200434        0     1                 .L0 
80200434 80200434        0     1                 .L0 
80200434 80200434        0     1                 .L0 
8020044c 8020044c        0     1                 .L0 
8020044e 8020044e        0     1                 .L0 
8020044e 8020044e        0     1                 .L0 
8020044e 8020044e        0     1                 .L0 
8020044e 8020044e        0     1                 .L0 
8020044e 8020044e        0     1                 .L0 
8020044e 8020044e        0     1                 .L0 
8020044e 8020044e       10     1                 delay
80200456 80200456        0     1                 .L0 
80200458 80200458        0     1                 .L0 
8020045a 8020045a        0     1                 .L0 
8020045a 8020045a        0     1                 .L0 
8020045c 8020045c        0     1                 .L0 
8020045c 8020045c        0     1                 .L0 
8020045e 8020045e        0     1                 .L0 
8020045e 8020045e        0     1                 .L0 
8020045e 8020045e        0     1                 .L0 
8020045e 8020045e        0     1                 .L0 
8020045e 8020045e        0     1                 .L0 
8020045e 8020045e      194     1                 yield
80200468 80200468        0     1                 .L0 
80200468 80200468        0     1                 .L0 
80200476 80200476        0     1                 .L0 
80200488 80200488        0     1                 .L0 
80200488 80200488        0     1                 .L0 
8020048a 8020048a        0     1                 .L0 
8020048a 8020048a        0     1                 .L0 
8020048e 8020048e        0     1                 .L0 
8020048e 8020048e        0     1                 .L0 
80200490 80200490        0     1                 .L0 
80200490 80200490        0     1                 .L0 
80200494 80200494        0     1                 .L0 
80200496 80200496        0     1                 .L0 
8020049a 8020049a        0     1                 .L0 
8020049a 8020049a        0     1                 .L0 
8020049a 8020049a        0     1                 .L0 
802004a2 802004a2        0     1                 .L0 
802004b6 802004b6        0     1                 .L0 
802004b8 802004b8        0     1                 .L0 
802004bc 802004bc        0     1                 .L0 
802004be 802004be        0     1                 .L0 
802004c2 802004c2        0     1                 .L0 
802004c2 802004c2        0     1                 .L0 
802004c2 802004c2        0     1                 .L0 
802004ca 802004ca        0     1                 .L0 
802004de 802004de        0     1                 .L0 
802004e2 802004e2        0     1                 .L0 
802004e6 802004e6        0     1                 .L0 
802004e8 802004e8        0     1                 .L0 
802004ec 802004ec        0     1                 .L0 
802004ec 802004ec        0     1                 .L0 
802004ec 802004ec        0     1                 .L0 
802004f4 802004f4        0     1                 .L0 
80200508 80200508        0     1                 .L0 
8020050a 8020050a        0     1                 .L0 
8020050e 8020050e        0     1                 .L0 
80200510 80200510        0     1                 .L0 
80200514 80200514        0     1                 .L0 
80200514 80200514        0     1                 .L0 
80200514 80200514        0     1                 .L0 
8020051c 8020051c        0     1                 .L0 
80200530 80200530        0     1                 .L0 
80200534 80200534        0     1                 .L0 
80200538 80200538        0     1                 .L0 
8020053a 8020053a        0     1                 .L0 
8020053e 8020053e        0     1                 .L0 
8020053e 8020053e        0     1                 .L0 
8020053e 8020053e        0     1                 .L0 
80200546 80200546        0     1                 .L0 
8020055a 8020055a        0     1                 .L0 
8020055c 8020055c        0     1                 .L0 
80200560 80200560        0     1                 .L0 
80200562 80200562        0     1                 .L0 
80200566 80200566        0     1                 .L0 
80200566 80200566        0     1                 .L0 
80200566 80200566        0     1                 .L0 
8020056e 8020056e        0     1                 .L0 
80200582 80200582        0     1                 .L0 
80200586 80200586        0     1                 .L0 
8020058a 8020058a        0     1                 .L0 
8020058c 8020058c        0     1                 .L0 
80200590 80200590        0     1                 .L0 
80200590 80200590        0     1                 .L0 
80200590 80200590        0     1                 .L0 
802005ac 802005ac        0     1                 .L0 
802005b0 802005b0        0     1                 .L0 
802005b2 802005b2        0     1                 .L0 
802005b6 802005b6        0     1                 .L0 
802005b6 802005b6        0     1                 .L0 
802005b6 802005b6        0     1                 .L0 
802005b8 802005b8        0     1                 .L0 
802005b8 802005b8        0     1                 .L0 
802005b8 802005b8        0     1                 .L0 
802005bc 802005bc        0     1                 .L0 
802005c8 802005c8        0     1                 .L0 
802005ce 802005ce        0     1                 .L0 
802005e0 802005e0        0     1                 .L0 
802005e4 802005e4        0     1                 .L0 
802005e4 802005e4        0     1                 .L0 
802005e6 802005e6        0     1                 .L0 
802005ea 802005ea        0     1                 .L0 
802005ee 802005ee        0     1                 .L0 
802005ee 802005ee        0     1                 .L0 
802005f0 802005f0        0     1                 .L0 
802005f0 802005f0        0     1                 .L0 
802005f2 802005f2        0     1                 .L0 
802005f2 802005f2        0     1                 .L0 
802005f2 802005f2        0     1                 .L0 
802005f2 802005f2        0     1                 .L0 
802005f2 802005f2       32     1                 proc_a_entry
802005fa 802005fa        0     1                 .L0 
80200604 80200604        0     1                 .L0 
80200604 80200604        0     1                 .L0 
80200614 80200614        0     1                 .L0 
80200614 80200614        0     1                 .L0 
80200618 80200618        0     1                 .L0 
80200618 80200618        0     1                 .L0 
8020061a 8020061a        0     1                 .L0 
8020061a 8020061a        0     1                 .L0 
8020061c 8020061c        0     1                 .L0 
8020061e 8020061e        0     1                 .L0 
80200620 80200620        0     1                 .L0 
80200620 80200620        0     1                 .L0 
80200624 80200624        0     1                 .L0 
80200624 80200624        0     1                 .L0 
80200624 80200624        0     1                 .L0 
80200624 80200624        0     1                 .L0 
80200624 80200624        0     1                 .L0 
80200624 80200624        0     1                 .L0 
80200624 80200624       32     1                 proc_b_entry
8020062c 8020062c        0     1                 .L0 
80200636 80200636        0     1                 .L0 
80200636 80200636        0     1                 .L0 
80200646 80200646        0     1                 .L0 
80200646 80200646        0     1                 .L0 
8020064a 8020064a        0     1                 .L0 
8020064a 8020064a        0     1                 .L0 
8020064c 8020064c        0     1                 .L0 
8020064c 8020064c        0     1                 .L0 
8020064e 8020064e        0     1                 .L0 
80200650 80200650        0     1                 .L0 
80200652 80200652        0     1                 .L0 
80200652 80200652        0     1                 .L0 
80200656 80200656        0     1                 .L0 
80200656 80200656        0     1                 .L0 
80200656 80200656        0     1                 .L0 
80200658 80200658        0     1                 .L0 
80200658 80200658        0     1                 .L0 
80200658 80200658        0     1                 .L0 
80200658 80200658       96     1                 kernel_entry
802006ee 802006ee        0     1                 .L0 
802006ee 802006ee        0     1                 .L0 
802006ee 802006ee        0     1                 .L0 
802006ee 802006ee        0     1                 .L0 
802006ee 802006ee        0     1                 .L0 
802006ee 802006ee       f2     1                 handle_syscall
802006f4 802006f4        0     1                 .L0 
80200712 80200712        0     1                 .L0 
80200716 80200716        0     1                 .L0 
80200718 80200718        0     1                 .L0 
8020071c 8020071c        0     1                 .L0 
8020071e 8020071e        0     1                 .L0 
80200722 80200722        0     1                 .L0 
80200722 80200722        0     1                 .L0 
80200724 80200724        0     1                 .L0 
80200738 80200738        0     1                 .L0 
80200738 80200738        0     1                 .L0 
8020073c 8020073c        0     1                 .L0 
8020073c 8020073c        0     1                 .L0 
8020073c 8020073c        0     1                 .L0 
8020073e 8020073e        0     1                 .L0 
8020073e 8020073e        0     1                 .L0 
80200752 80200752        0     1                 .L0 
80200752 80200752        0     1                 .L0 
80200756 80200756        0     1                 .L0 
80200756 80200756        0     1                 .L0 
80200756 80200756        0     1                 .L0 
80200774 80200774        0     1                 .L0 
80200774 80200774        0     1                 .L0 
80200774 80200774        0     1                 .L0 
8020077c 8020077c        0     1                 .L0 
8020077c 8020077c        0     1                 .L0 
8020077e 8020077e        0     1                 .L0 
80200788 80200788        0     1                 .L0 
80200788 80200788        0     1                 .L0 
8020078e 8020078e        0     1                 .L0 
80200790 80200790        0     1                 .L0 
80200792 80200792        0     1                 .L0 
80200792 80200792        0     1                 .L0 
802007a8 802007a8        0     1                 .L0 
802007aa 802007aa        0     1                 .L0 
802007aa 802007aa        0     1                 .L0 
802007aa 802007aa        0     1                 .L0 
802007ae 802007ae        0     1                 .L0 
802007c0 802007c0        0     1                 .L0 
802007c0 802007c0        0     1                 .L0 
802007c4 802007c4        0     1                 .L0 
802007c8 802007c8        0     1                 .L0 
802007c8 802007c8        0     1                 .L0 
802007c8 802007c8        0     1                 .L0 
802007cc 802007cc        0     1                 .L0 
802007de 802007de        0     1                 .L0 
802007e0 802007e0        0     1                 .L0 
802007e0 802007e0        0     1                 .L0 
802007e0 802007e0        0     1                 .L0 
802007e0 802007e0        0     1                 .L0 
802007e0 802007e0        0     1                 .L0 
802007e0 802007e0       42     1                 handle_trap
802007e6 802007e6        0     1                 .L0 
802007e6 802007e6        0     1                 .L0 
802007ea 802007ea        0     1                 .L0 
802007ee 802007ee        0     1                 .L0 
802007f0 802007f0        0     1                 .L0 
802007f4 802007f4        0     1                 .L0 
802007f4 802007f4        0     1                 .L0 
802007f8 802007f8        0     1                 .L0 
802007f8 802007f8        0     1                 .L0 
802007fa 802007fa        0     1                 .L0 
802007fa 802007fa        0     1                 .L0 
802007fc 802007fc        0     1                 .L0 
80200804 80200804        0     1                 .L0 
80200804 80200804        0     1                 .L0 
80200808 80200808        0     1                 .L0 
80200808 80200808        0     1                 .L0 
80200808 80200808        0     1                 .L0 
8020080c 8020080c        0     1                 .L0 
80200820 80200820        0     1                 .L0 
80200822 80200822        0     1                 .L0 
80200822 80200822        0     1                 .L0 
80200822 80200822        0     1                 .L0 
80200822 80200822        0     1                 .L0 
80200822 80200822        0     1                 .L0 
80200822 80200822        a     1                 virtio_reg_read32
80200828 80200828        0     1                 .L0 
8020082c 8020082c        0     1                 .L0 
8020082c 8020082c        0     1                 .L0 
8020082c 8020082c        0     1                 .L0 
8020082c 8020082c        c     1                 virtio_reg_read64
80200832 80200832        0     1                 .L0 
80200838 80200838        0     1                 .L0 
80200838 80200838        0     1                 .L0 
80200838 80200838        0     1                 .L0 
80200838 80200838        a     1                 virtio_reg_write32
8020083e 8020083e        0     1                 .L0 
80200842 80200842        0     1                 .L0 
80200842 80200842        0     1                 .L0 
80200842 80200842        0     1                 .L0 
80200842 80200842        e     1                 virtio_reg_fetch_and_or32
80200848 80200848        0     1                 .L0 
8020084c 8020084c        0     1                 .L0 
80200850 80200850        0     1                 .L0 
80200850 80200850        0     1                 .L0 
80200850 80200850        0     1                 .L0 
80200850 80200850       74     1                 virtq_init
80200858 80200858        0     1                 .L0 
8020085a 8020085a        0     1                 .L0 
8020085a 8020085a        0     1                 .L0 
80200862 80200862        0     1                 .L0 
80200862 80200862        0     1                 .L0 
80200866 80200866        0     1                 .L0 
8020086e 8020086e        0     1                 .L0 
80200872 80200872        0     1                 .L0 
80200876 80200876        0     1                 .L0 
8020088c 8020088c        0     1                 .L0 
8020088e 8020088e        0     1                 .L0 
8020088e 8020088e        0     1                 .L0 
80200896 80200896        0     1                 .L0 
80200896 80200896        0     1                 .L0 
80200898 80200898        0     1                 .L0 
802008ae 802008ae        0     1                 .L0 
802008b4 802008b4        0     1                 .L0 
802008b6 802008b6        0     1                 .L0 
802008be 802008be        0     1                 .L0 
802008c0 802008c0        0     1                 .L0 
802008c0 802008c0        0     1                 .L0 
802008c4 802008c4        0     1                 .L0 
802008c4 802008c4        0     1                 .L0 
802008c4 802008c4        0     1                 .L0 
802008c4 802008c4        0     1                 .L0 
802008c4 802008c4      16c     1                 virtio_blk_init
802008d4 802008d4        0     1                 .L0 
802008d8 802008d8        0     1                 .L0 
802008e2 802008e2        0     1                 .L0 
802008e6 802008e6        0     1                 .L0 
802008e6 802008e6        0     1                 .L0 
802008ea 802008ea        0     1                 .L0 
802008ee 802008ee        0     1                 .L0 
802008ee 802008ee        0     1                 .L0 
802008f2 802008f2        0     1                 .L0 
802008f6 802008f6        0     1                 .L0 
802008f6 802008f6        0     1                 .L0 
802008fa 802008fa        0     1                 .L0 
80200900 80200900        0     1                 .L0 
80200902 80200902        0     1                 .L0 
80200906 80200906        0     1                 .L0 
80200906 80200906        0     1                 .L0 
8020090a 8020090a        0     1                 .L0 
8020090a 8020090a        0     1                 .L0 
8020090e 8020090e        0     1                 .L0 
80200910 80200910        0     1                 .L0 
80200914 80200914        0     1                 .L0 
80200914 80200914        0     1                 .L0 
80200918 80200918        0     1                 .L0 
80200918 80200918        0     1                 .L0 
8020091c 8020091c        0     1                 .L0 
80200924 80200924        0     1                 .L0 
80200928 80200928        0     1                 .L0 
8020092c 8020092c        0     1                 .L0 
80200942 80200942        0     1                 .L0 
80200944 80200944        0     1                 .L0 
80200944 80200944        0     1                 .L0 
80200944 80200944        0     1                 .L0 
8020095a 8020095a        0     1                 .L0 
8020095c 8020095c        0     1                 .L0 
8020095c 8020095c        0     1                 .L0 
80200972 80200972        0     1                 .L0 
80200974 80200974        0     1                 .L0 
80200974 80200974        0     1                 .L0 
8020098a 8020098a        0     1                 .L0 
8020098c 8020098c        0     1                 .L0 
8020098c 8020098c        0     1                 .L0 
8020098c 8020098c        0     1                 .L0 
80200994 80200994        0     1                 .L0 
80200994 80200994        0     1                 .L0 
802009ac 802009ac        0     1                 .L0 
802009b0 802009b0        0     1                 .L0 
802009b2 802009b2        0     1                 .L0 
802009b2 802009b2        0     1                 .L0 
802009ba 802009ba        0     1                 .L0 
802009ba 802009ba        0     1                 .L0 
802009be 802009be        0     1                 .L0 
802009c2 802009c2        0     1                 .L0 
802009c4 802009c4        0     1                 .L0 
802009de 802009de        0     1                 .L0 
802009e8 802009e8        0     1                 .L0 
802009e8 802009e8        0     1                 .L0 
802009ec 802009ec        0     1                 .L0 
802009ec 802009ec        0     1                 .L0 
802009f2 802009f2        0     1                 .L0 
802009f6 802009f6        0     1                 .L0 
802009f6 802009f6        0     1                 .L0 
80200a0c 80200a0c        0     1                 .L0 
80200a0e 80200a0e        0     1                 .L0 
80200a0e 80200a0e        0     1                 .L0 
80200a16 80200a16        0     1                 .L0 
80200a16 80200a16        0     1                 .L0 
80200a22 80200a22        0     1                 .L0 
80200a2c 80200a2c        0     1                 .L0 
80200a30 80200a30        0     1                 .L0 
80200a30 80200a30        0     1                 .L0 
80200a30 80200a30        0     1                 .L0 
80200a30 80200a30        0     1                 .L0 
80200a30 80200a30       34     1                 virtq_kick
80200a52 80200a52        0     1                 .L0 
80200a56 80200a56        0     1                 .L0 
80200a64 80200a64        0     1                 .L0 
80200a64 80200a64        0     1                 .L0 
80200a64 80200a64        0     1                 .L0 
80200a64 80200a64       18     1                 virtq_is_busy
80200a68 80200a68        0     1                 .L0 
80200a7c 80200a7c        0     1                 .L0 
80200a7c 80200a7c        0     1                 .L0 
80200a7c 80200a7c        0     1                 .L0 
80200a7c 80200a7c      16c     1                 read_write_disk
80200a88 80200a88        0     1                 .L0 
80200a8a 80200a8a        0     1                 .L0 
80200a8a 80200a8a        0     1                 .L0 
80200a96 80200a96        0     1                 .L0 
80200aa0 80200aa0        0     1                 .L0 
80200aac 80200aac        0     1                 .L0 
80200aae 80200aae        0     1                 .L0 
80200ad2 80200ad2        0     1                 .L0 
80200af2 80200af2        0     1                 .L0 
80200af4 80200af4        0     1                 .L0 
80200af6 80200af6        0     1                 .L0 
80200afe 80200afe        0     1                 .L0 
80200afe 80200afe        0     1                 .L0 
80200b02 80200b02        0     1                 .L0 
80200b02 80200b02        0     1                 .L0 
80200b02 80200b02        0     1                 .L0 
80200b06 80200b06        0     1                 .L0 
80200b0a 80200b0a        0     1                 .L0 
80200b0e 80200b0e        0     1                 .L0 
80200b14 80200b14        0     1                 .L0 
80200b16 80200b16        0     1                 .L0 
80200b16 80200b16        0     1                 .L0 
80200b18 80200b18        0     1                 .L0 
80200b18 80200b18        0     1                 .L0 
80200b18 80200b18        0     1                 .L0 
80200b18 80200b18        0     1                 .L0 
80200b18 80200b18        0     1                 .L0 
80200b1a 80200b1a        0     1                 .L0 
80200b1e 80200b1e        0     1                 .L0 
80200b56 80200b56        0     1                 .L0 
80200b5a 80200b5a        0     1                 .L0 
80200b66 80200b66        0     1                 .L0 
80200b6e 80200b6e        0     1                 .L0 
80200b84 80200b84        0     1                 .L0 
80200b98 80200b98        0     1                 .L0 
80200b9c 80200b9c        0     1                 .L0 
80200ba0 80200ba0        0     1                 .L0 
80200ba6 80200ba6        0     1                 .L0 
80200ba8 80200ba8        0     1                 .L0 
80200baa 80200baa        0     1                 .L0 
80200bb2 80200bb2        0     1                 .L0 
80200bb6 80200bb6        0     1                 .L0 
80200bba 80200bba        0     1                 .L0 
80200bbc 80200bbc        0     1                 .L0 
80200bbe 80200bbe        0     1                 .L0 
80200bbe 80200bbe        0     1                 .L0 
80200bc0 80200bc0        0     1                 .L0 
80200bc0 80200bc0        0     1                 .L0 
80200bc0 80200bc0        0     1                 .L0 
80200bc0 80200bc0        0     1                 .L0 
80200bc0 80200bc0        0     1                 .L0 
80200bc2 80200bc2        0     1                 .L0 
80200bc6 80200bc6        0     1                 .L0 
80200bca 80200bca        0     1                 .L0 
80200bcc 80200bcc        0     1                 .L0 
80200bd0 80200bd0        0     1                 .L0 
80200bd0 80200bd0        0     1                 .L0 
80200bda 80200bda        0     1                 .L0 
80200bde 80200bde        0     1                 .L0 
80200be2 80200be2        0     1                 .L0 
80200be6 80200be6        0     1                 .L0 
80200be8 80200be8        0     1                 .L0 
80200be8 80200be8        0     1                 .L0 
80200be8 80200be8        0     1                 .L0 
80200be8 80200be8        0     1                 .L0 
80200be8 80200be8        0     1                 .L0 
80200be8 80200be8       a0     1                 kernel_main
80200bf0 80200bf0        0     1                 .L0 
80200c06 80200c06        0     1                 .L0 
80200c06 80200c06        0     1                 .L0 
80200c0e 80200c0e        0     1                 .L0 
80200c12 80200c12        0     1                 .L0 
80200c12 80200c12        0     1                 .L0 
80200c14 80200c14        0     1                 .L0 
80200c14 80200c14        0     1                 .L0 
80200c1c 80200c1c        0     1                 .L0 
80200c1c 80200c1c        0     1                 .L0 
80200c28 80200c28        0     1                 .L0 
80200c28 80200c28        0     1                 .L0 
80200c38 80200c38        0     1                 .L0 
80200c38 80200c38        0     1                 .L0 
80200c40 80200c40        0     1                 .L0 
80200c40 80200c40        0     1                 .L0 
80200c48 80200c48        0     1                 .L0 
80200c48 80200c48        0     1                 .L0 
80200c4c 80200c4c        0     1                 .L0 
80200c50 80200c50        0     1                 .L0 
80200c54 80200c54        0     1                 .L0 
80200c58 80200c58        0     1                 .L0 
80200c6c 80200c6c        0     1                 .L0 
80200c6c 80200c6c        0     1                 .L0 
80200c70 80200c70        0     1                 .L0 
80200c70 80200c70        0     1                 .L0 
80200c86 80200c86        0     1                 .L0 
80200c88 80200c88        0     1                 .L0 
80200c88 80200c88        0     1                 .L0 
80200c88 80200c88      24e     2         /var/folders/qj/b39v5tv96mq5nv9hzh517zz00000gn/T/common-1ac8d8.o:(.text)
80200c88 80200c88        0     1                 .L0 
80200c88 80200c88        0     1                 .L0 
80200c88 80200c88        0     1                 $x
80200c88 80200c88        0     1                 .L0 
80200c88 80200c88      1c2     1                 printf
80200ca4 80200ca4        0     1                 .L0 
80200cce 80200cce        0     1                 .L0 
80200cde 80200cde        0     1                 .L0 
80200cde 80200cde        0     1                 .L0 
80200ce2 80200ce2        0     1                 .L0 
80200ce2 80200ce2        0     1                 .L0 
80200ce4 80200ce4        0     1                 .L0 
80200ce8 80200ce8        0     1                 .L0 
80200cec 80200cec        0     1                 .L0 
80200cf0 80200cf0        0     1                 .L0 
80200cf0 80200cf0        0     1                 .L0 
80200cf4 80200cf4        0     1                 .L0 
80200cf4 80200cf4        0     1                 .L0 
80200cf6 80200cf6        0     1                 .L0 
80200cf8 80200cf8        0     1                 .L0 
80200cf8 80200cf8        0     1                 .L0 
80200cfe 80200cfe        0     1                 .L0 
80200d02 80200d02        0     1                 .L0 
80200d06 80200d06        0     1                 .L0 
80200d0e 80200d0e        0     1                 .L0 
80200d0e 80200d0e        0     1                 .L0 
80200d1a 80200d1a        0     1                 .L0 
80200d1a 80200d1a        0     1                 .L0 
80200d1e 80200d1e        0     1                 .L0 
80200d1e 80200d1e        0     1                 .L0 
80200d20 80200d20        0     1                 .L0 
80200d26 80200d26        0     1                 .L0 
80200d26 80200d26        0     1                 .L0 
80200d26 80200d26        0     1                 .L0 
80200d2a 80200d2a        0     1                 .L0 
80200d2e 80200d2e        0     1                 .L0 
80200d2e 80200d2e        0     1                 .L0 
80200d38 80200d38        0     1                 .L0 
80200d3c 80200d3c        0     1                 .L0 
80200d3e 80200d3e        0     1                 .L0 
80200d42 80200d42        0     1                 .L0 
80200d46 80200d46        0     1                 .L0 
80200d46 80200d46        0     1                 .L0 
80200d4c 80200d4c        0     1                 .L0 
80200d4e 80200d4e        0     1                 .L0 
80200d52 80200d52        0     1                 .L0 
80200d56 80200d56        0     1                 .L0 
80200d56 80200d56        0     1                 .L0 
80200d5c 80200d5c        0     1                 .L0 
80200d5e 80200d5e        0     1                 .L0 
80200d62 80200d62        0     1                 .L0 
80200d66 80200d66        0     1                 .L0 
80200d66 80200d66        0     1                 .L0 
80200d6c 80200d6c        0     1                 .L0 
80200d6e 80200d6e        0     1                 .L0 
80200d72 80200d72        0     1                 .L0 
80200d76 80200d76        0     1                 .L0 
80200d76 80200d76        0     1                 .L0 
80200d7c 80200d7c        0     1                 .L0 
80200d7e 80200d7e        0     1                 .L0 
80200d82 80200d82        0     1                 .L0 
80200d86 80200d86        0     1                 .L0 
80200d86 80200d86        0     1                 .L0 
80200d8c 80200d8c        0     1                 .L0 
80200d8e 80200d8e        0     1                 .L0 
80200d92 80200d92        0     1                 .L0 
80200d96 80200d96        0     1                 .L0 
80200d96 80200d96        0     1                 .L0 
80200d9c 80200d9c        0     1                 .L0 
80200d9e 80200d9e        0     1                 .L0 
80200da2 80200da2        0     1                 .L0 
80200da6 80200da6        0     1                 .L0 
80200da6 80200da6        0     1                 .L0 
80200da8 80200da8        0     1                 .L0 
80200daa 80200daa        0     1                 .L0 
80200dae 80200dae        0     1                 .L0 
80200dae 80200dae        0     1                 .L0 
80200db2 80200db2        0     1                 .L0 
80200db2 80200db2        0     1                 .L0 
80200db4 80200db4        0     1                 .L0 
80200db6 80200db6        0     1                 .L0 
80200db6 80200db6        0     1                 .L0 
80200db6 80200db6        0     1                 .L0 
80200dc0 80200dc0        0     1                 .L0 
80200dc4 80200dc4        0     1                 .L0 
80200dca 80200dca        0     1                 .L0 
80200dca 80200dca        0     1                 .L0 
80200dca 80200dca        0     1                 .L0 
80200dd2 80200dd2        0     1                 .L0 
80200dd2 80200dd2        0     1                 .L0 
80200dd6 80200dd6        0     1                 .L0 
80200dd8 80200dd8        0     1                 .L0 
80200ddc 80200ddc        0     1                 .L0 
80200ddc 80200ddc        0     1                 .L0 
80200ddc 80200ddc        0     1                 .L0 
80200de4 80200de4        0     1                 .L0 
80200de4 80200de4        0     1                 .L0 
80200de8 80200de8        0     1                 .L0 
80200dea 80200dea        0     1                 .L0 
80200dee 80200dee        0     1                 .L0 
80200dee 80200dee        0     1                 .L0 
80200dee 80200dee        0     1                 .L0 
80200df4 80200df4        0     1                 .L0 
80200df6 80200df6        0     1                 .L0 
80200dfa 80200dfa        0     1                 .L0 
80200dfe 80200dfe        0     1                 .L0 
80200dfe 80200dfe        0     1                 .L0 
80200dfe 80200dfe        0     1                 .L0 
80200e00 80200e00        0     1                 .L0 
80200e04 80200e04        0     1                 .L0 
80200e08 80200e08        0     1                 .L0 
80200e10 80200e10        0     1                 .L0 
80200e10 80200e10        0     1                 .L0 
80200e1e 80200e1e        0     1                 .L0 
80200e1e 80200e1e        0     1                 .L0 
80200e24 80200e24        0     1                 .L0 
80200e24 80200e24        0     1                 .L0 
80200e24 80200e24        0     1                 .L0 
80200e2c 80200e2c        0     1                 .L0 
80200e2c 80200e2c        0     1                 .L0 
80200e2c 80200e2c        0     1                 .L0 
80200e30 80200e30        0     1                 .L0 
80200e46 80200e46        0     1                 .L0 
80200e4a 80200e4a        0     1                 .L0 
80200e4a 80200e4a        0     1                 .L0 
80200e4a 80200e4a        0     1                 .L0 
80200e4a 80200e4a        0     1                 .L0 
80200e4a 80200e4a        0     1                 .L0 
80200e4a 80200e4a       16     1                 memset
80200e4e 80200e4e        0     1                 .L0 
80200e4e 80200e4e        0     1                 .L0 
80200e50 80200e50        0     1                 .L0 
80200e54 80200e54        0     1                 .L0 
80200e5a 80200e5a        0     1                 .L0 
80200e5a 80200e5a        0     1                 .L0 
80200e5e 80200e5e        0     1                 .L0 
80200e5e 80200e5e        0     1                 .L0 
80200e5e 80200e5e        0     1                 .L0 
80200e60 80200e60        0     1                 .L0 
80200e60 80200e60        0     1                 .L0 
80200e60 80200e60        0     1                 .L0 
80200e60 80200e60        0     1                 .L0 
80200e60 80200e60        0     1                 .L0 
80200e60 80200e60       1c     1                 memcpy
80200e64 80200e64        0     1                 .L0 
80200e64 80200e64        0     1                 .L0 
80200e66 80200e66        0     1                 .L0 
80200e6c 80200e6c        0     1                 .L0 
80200e70 80200e70        0     1                 .L0 
80200e76 80200e76        0     1                 .L0 
80200e76 80200e76        0     1                 .L0 
80200e7a 80200e7a        0     1                 .L0 
80200e7a 80200e7a        0     1                 .L0 
80200e7a 80200e7a        0     1                 .L0 
80200e7c 80200e7c        0     1                 .L0 
80200e7c 80200e7c        0     1                 .L0 
80200e7c 80200e7c        0     1                 .L0 
80200e7c 80200e7c        0     1                 .L0 
80200e7c 80200e7c        0     1                 .L0 
80200e7c 80200e7c       36     1                 strcpy
80200e7e 80200e7e        0     1                 .L0 
80200e82 80200e82        0     1                 .L0 
80200e84 80200e84        0     1                 .L0 
80200e86 80200e86        0     1                 .L0 
80200e8a 80200e8a        0     1                 .L0 
80200e94 80200e94        0     1                 .L0 
80200e94 80200e94        0     1                 .L0 
80200e96 80200e96        0     1                 .L0 
80200e96 80200e96        0     1                 .L0 
80200e9e 80200e9e        0     1                 .L0 
80200ea0 80200ea0        0     1                 .L0 
80200ea2 80200ea2        0     1                 .L0 
80200ea4 80200ea4        0     1                 .L0 
80200ea4 80200ea4        0     1                 .L0 
80200eac 80200eac        0     1                 .L0 
80200eac 80200eac        0     1                 .L0 
80200eac 80200eac        0     1                 .L0 
80200eb0 80200eb0        0     1                 .L0 
80200eb2 80200eb2        0     1                 .L0 
80200eb2 80200eb2        0     1                 .L0 
80200eb2 80200eb2        0     1                 .L0 
80200eb2 80200eb2        0     1                 .L0 
80200eb2 80200eb2       24     1                 strcmp
80200eb6 80200eb6        0     1                 .L0 
80200eb8 80200eb8        0     1                 .L0 
80200eba 80200eba        0     1                 .L0 
80200eba 80200eba        0     1                 .L0 
80200ebe 80200ebe        0     1                 .L0 
80200ec2 80200ec2        0     1                 .L0 
80200ec2 80200ec2        0     1                 .L0 
80200ec8 80200ec8        0     1                 .L0 
80200eca 80200eca        0     1                 .L0 
80200ecc 80200ecc        0     1                 .L0 
80200ecc 80200ecc        0     1                 .L0 
80200ed6 80200ed6        0     1                 .L0 
80200ed6 80200ed6        0     1                 .L0 
80200ed8 80200ed8      2bb     4 .rodata
80200ed8 80200ed8      2bb     1         <internal>:(.rodata.str1.1)
80201194 80201194    103a4     4 .data
80201194 80201194        4     4         /var/folders/qj/b39v5tv96mq5nv9hzh517zz00000gn/T/kernel-7f5844.o:(.data)
80201194 80201194        4     1                 alloc_pages.next_paddr
80201194 80201194        0     1                 $d
80201198 80201198    103a0     1         shell.bin.o:(.data)
80201198 80201198        0     1                 _binary_shell_bin_start
80211538 80211538        0     1                 _binary_shell_bin_end
80211538 80211538    100a8     8 .bss
80211538 80211538        0     1         __bss = .
80211538 80211538    100a8     8         /var/folders/qj/b39v5tv96mq5nv9hzh517zz00000gn/T/kernel-7f5844.o:(.bss)
80211538 80211538        0     1                 $d
80211538 80211538    10080     1                 procs
802215b8 802215b8        4     1                 proc_a
802215bc 802215bc        4     1                 proc_b
802215c0 802215c0       20     1                 .L_MergedGlobals
802215c0 802215c0        4     1                 idle_proc
802215c4 802215c4        4     1                 current_proc
802215c8 802215c8        4     1                 blk_request_vq
802215cc 802215cc        4     1                 blk_req_paddr
802215d0 802215d0        4     1                 blk_req
802215d8 802215d8        8     1                 blk_capacity
802215e0 802215e0        0     1         __bss_end = .
802215e0 802215e0        0     1 . = ALIGN(4)
802215e0 802215e0    20000     1 . += 128 * 1024
802415e0 802415e0        0     1 __stack_top = .
802415e0 802415e0      a20     1 . = ALIGN(4096)
80242000 80242000        0     1 __free_ram = .
80242000 80242000  4000000     1 . += 64 * 1024 * 1024
84242000 84242000        0     1 __free_ram_end = .
       0        0      b00     1 .debug_loclists
       0        0      8f9     1         /var/folders/qj/b39v5tv96mq5nv9hzh517zz00000gn/T/kernel-7f5844.o:(.debug_loclists)
       0        0        0     1                 $d
       c        c        0     1                 .L0 
     8f9      8f9      207     1         /var/folders/qj/b39v5tv96mq5nv9hzh517zz00000gn/T/common-1ac8d8.o:(.debug_loclists)
     8f9      8f9        0     1                 $d
     905      905        0     1                 .L0 
       0        0      4cd     1 .debug_abbrev
       0        0      38c     1         /var/folders/qj/b39v5tv96mq5nv9hzh517zz00000gn/T/kernel-7f5844.o:(.debug_abbrev)
       0        0        0     1                 $d
     38c      38c      141     1         /var/folders/qj/b39v5tv96mq5nv9hzh517zz00000gn/T/common-1ac8d8.o:(.debug_abbrev)
     38c      38c        0     1                 $d
       0        0     177e     1 .debug_info
       0        0     1518     1         /var/folders/qj/b39v5tv96mq5nv9hzh517zz00000gn/T/kernel-7f5844.o:(.debug_info)
       0        0        0     1                 $d
    1518     1518      266     1         /var/folders/qj/b39v5tv96mq5nv9hzh517zz00000gn/T/common-1ac8d8.o:(.debug_info)
    1518     1518        0     1                 $d
       0        0       f7     1 .debug_rnglists
       0        0       dc     1         /var/folders/qj/b39v5tv96mq5nv9hzh517zz00000gn/T/kernel-7f5844.o:(.debug_rnglists)
       0        0        0     1                 $d
       c        c        0     1                 .L0 
      dc       dc       1b     1         /var/folders/qj/b39v5tv96mq5nv9hzh517zz00000gn/T/common-1ac8d8.o:(.debug_rnglists)
      dc       dc        0     1                 $d
      e8       e8        0     1                 .L0 
       0        0      338     1 .debug_str_offsets
       0        0      298     1         /var/folders/qj/b39v5tv96mq5nv9hzh517zz00000gn/T/kernel-7f5844.o:(.debug_str_offsets)
       0        0        0     1                 $d
       8        8        0     1                 .L0 
     298      298       a0     1         /var/folders/qj/b39v5tv96mq5nv9hzh517zz00000gn/T/common-1ac8d8.o:(.debug_str_offsets)
     298      298        0     1                 $d
     2a0      2a0        0     1                 .L0 
       0        0      575     1 .debug_str
       0        0      575     1         <internal>:(.debug_str)
       0        0      2a0     1 .debug_addr
       0        0      23c     1         /var/folders/qj/b39v5tv96mq5nv9hzh517zz00000gn/T/kernel-7f5844.o:(.debug_addr)
       0        0        0     1                 $d
       8        8        0     1                 .L0 
     23c      23c       64     1         /var/folders/qj/b39v5tv96mq5nv9hzh517zz00000gn/T/common-1ac8d8.o:(.debug_addr)
     23c      23c        0     1                 $d
     244      244        0     1                 .L0 
       0        0       3b     1 .comment
       0        0       3b     1         <internal>:(.comment)
       0        0       4e     1 .riscv.attributes
       0        0       4e     1         <internal>:(.riscv.attributes)
       0        0      368     4 .debug_frame
       0        0      2d0     4         /var/folders/qj/b39v5tv96mq5nv9hzh517zz00000gn/T/kernel-7f5844.o:(.debug_frame)
       0        0        0     1                 .L0 
       0        0        0     1                 $d
     2d0      2d0       98     4         /var/folders/qj/b39v5tv96mq5nv9hzh517zz00000gn/T/common-1ac8d8.o:(.debug_frame)
     2d0      2d0        0     1                 .L0 
     2d0      2d0        0     1                 $d
       0        0      d90     1 .debug_line
       0        0      ab6     1         /var/folders/qj/b39v5tv96mq5nv9hzh517zz00000gn/T/kernel-7f5844.o:(.debug_line)
       0        0        0     1                 .Lline_table_start0
       0        0        0     1                 $d
     ab6      ab6      2da     1         /var/folders/qj/b39v5tv96mq5nv9hzh517zz00000gn/T/common-1ac8d8.o:(.debug_line)
     ab6      ab6        0     1                 .Lline_table_start0
     ab6      ab6        0     1                 $d
       0        0       3d     1 .debug_line_str
       0        0       3d     1         <internal>:(.debug_line_str)
       0        0      540     4 .symtab
       0        0      540     4         <internal>:(.symtab)
       0        0       dc     1 .shstrtab
       0        0       dc     1         <internal>:(.shstrtab)
       0        0      2db     1 .strtab
       0        0      2db     1         <internal>:(.strtab)
