     VMA      LMA     Size Align Out     In      Symbol
       0        0  1000000     1 . = 0x1000000
 1000000  1000000      32c     2 .text
 1000000  1000000        e     2         /var/folders/qj/b39v5tv96mq5nv9hzh517zz00000gn/T/user-e1372b.o:(.text.start)
 1000000  1000000        0     1                 .L0 
 1000000  1000000        0     1                 .L0 
 1000000  1000000        0     1                 $x
 1000000  1000000        0     1                 .L0 
 1000000  1000000        e     1                 start
 100000e  100000e        0     1                 .L0 
 100000e  100000e        0     1                 .L0 
 100000e  100000e       b2     2         /var/folders/qj/b39v5tv96mq5nv9hzh517zz00000gn/T/shell-3cc83f.o:(.text)
 100000e  100000e        0     1                 .L0 
 100000e  100000e        0     1                 .L0 
 100000e  100000e        0     1                 $x
 100000e  100000e        0     1                 .L0 
 100000e  100000e       b2     1                 main
 1000028  1000028        0     1                 .L0 
 1000064  1000064        0     1                 .L0 
 1000064  1000064        0     1                 .L0 
 1000064  1000064        0     1                 .L0 
 1000068  1000068        0     1                 .L0 
 1000068  1000068        0     1                 .L0 
 1000068  1000068        0     1                 .L0 
 100006c  100006c        0     1                 .L0 
 100006c  100006c        0     1                 .L0 
 100006e  100006e        0     1                 .L0 
 100006e  100006e        0     1                 .L0 
 1000070  1000070        0     1                 .L0 
 1000076  1000076        0     1                 .L0 
 1000076  1000076        0     1                 .L0 
 100007c  100007c        0     1                 .L0 
 100007c  100007c        0     1                 .L0 
 1000080  1000080        0     1                 .L0 
 1000084  1000084        0     1                 .L0 
 1000088  1000088        0     1                 .L0 
 1000088  1000088        0     1                 .L0 
 100008a  100008a        0     1                 .L0 
 100008a  100008a        0     1                 .L0 
 100008c  100008c        0     1                 .L0 
 1000090  1000090        0     1                 .L0 
 1000092  1000092        0     1                 .L0 
 1000092  1000092        0     1                 .L0 
 1000096  1000096        0     1                 .L0 
 1000098  1000098        0     1                 .L0 
 100009c  100009c        0     1                 .L0 
 100009c  100009c        0     1                 .L0 
 100009e  100009e        0     1                 .L0 
 100009e  100009e        0     1                 .L0 
 100009e  100009e        0     1                 .L0 
 10000a2  10000a2        0     1                 .L0 
 10000a2  10000a2        0     1                 .L0 
 10000a6  10000a6        0     1                 .L0 
 10000a6  10000a6        0     1                 .L0 
 10000ac  10000ac        0     1                 .L0 
 10000ac  10000ac        0     1                 .L0 
 10000ae  10000ae        0     1                 .L0 
 10000ae  10000ae        0     1                 .L0 
 10000b4  10000b4        0     1                 .L0 
 10000b4  10000b4        0     1                 .L0 
 10000b6  10000b6        0     1                 .L0 
 10000bc  10000bc        0     1                 .L0 
 10000bc  10000bc        0     1                 .L0 
 10000be  10000be        0     1                 .L0 
 10000be  10000be        0     1                 .L0 
 10000c0  10000c0        0     1                 .L0 
 10000c0  10000c0        0     1                 .L0 
 10000c0  10000c0        0     1                 .L0 
 10000c0  10000c0       38     2         /var/folders/qj/b39v5tv96mq5nv9hzh517zz00000gn/T/user-e1372b.o:(.text)
 10000c0  10000c0        0     1                 .L0 
 10000c0  10000c0        0     1                 .L0 
 10000c0  10000c0        0     1                 $x
 10000c0  10000c0        0     1                 .L0 
 10000c0  10000c0       10     1                 syscall
 10000d0  10000d0        0     1                 .L0 
 10000d0  10000d0        0     1                 .L0 
 10000d0  10000d0        e     1                 exit
 10000dc  10000dc        0     1                 .L0 
 10000de  10000de        0     1                 .L0 
 10000de  10000de        0     1                 .L0 
 10000de  10000de        0     1                 .L0 
 10000de  10000de        0     1                 .L0 
 10000de  10000de        0     1                 .L0 
 10000de  10000de        e     1                 getchar
 10000ea  10000ea        0     1                 .L0 
 10000ec  10000ec        0     1                 .L0 
 10000ec  10000ec        0     1                 .L0 
 10000ec  10000ec        0     1                 .L0 
 10000ec  10000ec        c     1                 putchar
 10000f6  10000f6        0     1                 .L0 
 10000f8  10000f8        0     1                 .L0 
 10000f8  10000f8      234     2         /var/folders/qj/b39v5tv96mq5nv9hzh517zz00000gn/T/common-3c4872.o:(.text)
 10000f8  10000f8        0     1                 .L0 
 10000f8  10000f8        0     1                 .L0 
 10000f8  10000f8        0     1                 $x
 10000f8  10000f8        0     1                 .L0 
 10000f8  10000f8      1a8     1                 printf
 1000114  1000114        0     1                 .L0 
 100013e  100013e        0     1                 .L0 
 100014e  100014e        0     1                 .L0 
 100014e  100014e        0     1                 .L0 
 1000152  1000152        0     1                 .L0 
 1000152  1000152        0     1                 .L0 
 1000154  1000154        0     1                 .L0 
 1000158  1000158        0     1                 .L0 
 100015c  100015c        0     1                 .L0 
 1000160  1000160        0     1                 .L0 
 1000160  1000160        0     1                 .L0 
 1000162  1000162        0     1                 .L0 
 1000162  1000162        0     1                 .L0 
 1000164  1000164        0     1                 .L0 
 1000166  1000166        0     1                 .L0 
 1000166  1000166        0     1                 .L0 
 100016c  100016c        0     1                 .L0 
 1000170  1000170        0     1                 .L0 
 1000174  1000174        0     1                 .L0 
 100017c  100017c        0     1                 .L0 
 100017c  100017c        0     1                 .L0 
 1000188  1000188        0     1                 .L0 
 1000188  1000188        0     1                 .L0 
 100018c  100018c        0     1                 .L0 
 100018c  100018c        0     1                 .L0 
 100018e  100018e        0     1                 .L0 
 1000194  1000194        0     1                 .L0 
 1000194  1000194        0     1                 .L0 
 1000194  1000194        0     1                 .L0 
 1000198  1000198        0     1                 .L0 
 100019c  100019c        0     1                 .L0 
 100019c  100019c        0     1                 .L0 
 10001a6  10001a6        0     1                 .L0 
 10001aa  10001aa        0     1                 .L0 
 10001ac  10001ac        0     1                 .L0 
 10001b0  10001b0        0     1                 .L0 
 10001b2  10001b2        0     1                 .L0 
 10001b2  10001b2        0     1                 .L0 
 10001b8  10001b8        0     1                 .L0 
 10001ba  10001ba        0     1                 .L0 
 10001be  10001be        0     1                 .L0 
 10001c0  10001c0        0     1                 .L0 
 10001c0  10001c0        0     1                 .L0 
 10001c6  10001c6        0     1                 .L0 
 10001c8  10001c8        0     1                 .L0 
 10001cc  10001cc        0     1                 .L0 
 10001ce  10001ce        0     1                 .L0 
 10001ce  10001ce        0     1                 .L0 
 10001d4  10001d4        0     1                 .L0 
 10001d6  10001d6        0     1                 .L0 
 10001da  10001da        0     1                 .L0 
 10001dc  10001dc        0     1                 .L0 
 10001dc  10001dc        0     1                 .L0 
 10001e2  10001e2        0     1                 .L0 
 10001e4  10001e4        0     1                 .L0 
 10001e8  10001e8        0     1                 .L0 
 10001ea  10001ea        0     1                 .L0 
 10001ea  10001ea        0     1                 .L0 
 10001f0  10001f0        0     1                 .L0 
 10001f2  10001f2        0     1                 .L0 
 10001f6  10001f6        0     1                 .L0 
 10001f8  10001f8        0     1                 .L0 
 10001f8  10001f8        0     1                 .L0 
 10001fe  10001fe        0     1                 .L0 
 1000200  1000200        0     1                 .L0 
 1000204  1000204        0     1                 .L0 
 1000206  1000206        0     1                 .L0 
 1000206  1000206        0     1                 .L0 
 1000208  1000208        0     1                 .L0 
 100020a  100020a        0     1                 .L0 
 100020e  100020e        0     1                 .L0 
 100020e  100020e        0     1                 .L0 
 1000210  1000210        0     1                 .L0 
 1000210  1000210        0     1                 .L0 
 1000212  1000212        0     1                 .L0 
 1000214  1000214        0     1                 .L0 
 1000214  1000214        0     1                 .L0 
 1000214  1000214        0     1                 .L0 
 100021e  100021e        0     1                 .L0 
 1000222  1000222        0     1                 .L0 
 1000228  1000228        0     1                 .L0 
 1000228  1000228        0     1                 .L0 
 1000228  1000228        0     1                 .L0 
 100022e  100022e        0     1                 .L0 
 100022e  100022e        0     1                 .L0 
 1000232  1000232        0     1                 .L0 
 1000234  1000234        0     1                 .L0 
 1000238  1000238        0     1                 .L0 
 1000238  1000238        0     1                 .L0 
 1000238  1000238        0     1                 .L0 
 100023e  100023e        0     1                 .L0 
 100023e  100023e        0     1                 .L0 
 1000242  1000242        0     1                 .L0 
 1000244  1000244        0     1                 .L0 
 1000248  1000248        0     1                 .L0 
 1000248  1000248        0     1                 .L0 
 1000248  1000248        0     1                 .L0 
 100024e  100024e        0     1                 .L0 
 1000250  1000250        0     1                 .L0 
 1000254  1000254        0     1                 .L0 
 1000258  1000258        0     1                 .L0 
 1000258  1000258        0     1                 .L0 
 1000258  1000258        0     1                 .L0 
 100025a  100025a        0     1                 .L0 
 100025e  100025e        0     1                 .L0 
 1000262  1000262        0     1                 .L0 
 1000268  1000268        0     1                 .L0 
 1000268  1000268        0     1                 .L0 
 1000276  1000276        0     1                 .L0 
 1000276  1000276        0     1                 .L0 
 100027c  100027c        0     1                 .L0 
 100027c  100027c        0     1                 .L0 
 100027c  100027c        0     1                 .L0 
 1000282  1000282        0     1                 .L0 
 1000282  1000282        0     1                 .L0 
 1000282  1000282        0     1                 .L0 
 1000286  1000286        0     1                 .L0 
 100029c  100029c        0     1                 .L0 
 10002a0  10002a0        0     1                 .L0 
 10002a0  10002a0        0     1                 .L0 
 10002a0  10002a0        0     1                 .L0 
 10002a0  10002a0        0     1                 .L0 
 10002a0  10002a0        0     1                 .L0 
 10002a0  10002a0       16     1                 memset
 10002a4  10002a4        0     1                 .L0 
 10002a4  10002a4        0     1                 .L0 
 10002a6  10002a6        0     1                 .L0 
 10002aa  10002aa        0     1                 .L0 
 10002b0  10002b0        0     1                 .L0 
 10002b0  10002b0        0     1                 .L0 
 10002b4  10002b4        0     1                 .L0 
 10002b4  10002b4        0     1                 .L0 
 10002b4  10002b4        0     1                 .L0 
 10002b6  10002b6        0     1                 .L0 
 10002b6  10002b6        0     1                 .L0 
 10002b6  10002b6        0     1                 .L0 
 10002b6  10002b6        0     1                 .L0 
 10002b6  10002b6        0     1                 .L0 
 10002b6  10002b6       1c     1                 memcpy
 10002ba  10002ba        0     1                 .L0 
 10002ba  10002ba        0     1                 .L0 
 10002bc  10002bc        0     1                 .L0 
 10002c2  10002c2        0     1                 .L0 
 10002c6  10002c6        0     1                 .L0 
 10002cc  10002cc        0     1                 .L0 
 10002cc  10002cc        0     1                 .L0 
 10002d0  10002d0        0     1                 .L0 
 10002d0  10002d0        0     1                 .L0 
 10002d0  10002d0        0     1                 .L0 
 10002d2  10002d2        0     1                 .L0 
 10002d2  10002d2        0     1                 .L0 
 10002d2  10002d2        0     1                 .L0 
 10002d2  10002d2        0     1                 .L0 
 10002d2  10002d2        0     1                 .L0 
 10002d2  10002d2       36     1                 strcpy
 10002d4  10002d4        0     1                 .L0 
 10002d8  10002d8        0     1                 .L0 
 10002da  10002da        0     1                 .L0 
 10002dc  10002dc        0     1                 .L0 
 10002e0  10002e0        0     1                 .L0 
 10002ea  10002ea        0     1                 .L0 
 10002ea  10002ea        0     1                 .L0 
 10002ec  10002ec        0     1                 .L0 
 10002ec  10002ec        0     1                 .L0 
 10002f4  10002f4        0     1                 .L0 
 10002f6  10002f6        0     1                 .L0 
 10002f8  10002f8        0     1                 .L0 
 10002fa  10002fa        0     1                 .L0 
 10002fa  10002fa        0     1                 .L0 
 1000302  1000302        0     1                 .L0 
 1000302  1000302        0     1                 .L0 
 1000302  1000302        0     1                 .L0 
 1000306  1000306        0     1                 .L0 
 1000308  1000308        0     1                 .L0 
 1000308  1000308        0     1                 .L0 
 1000308  1000308        0     1                 .L0 
 1000308  1000308        0     1                 .L0 
 1000308  1000308       24     1                 strcmp
 100030c  100030c        0     1                 .L0 
 100030e  100030e        0     1                 .L0 
 1000310  1000310        0     1                 .L0 
 1000310  1000310        0     1                 .L0 
 1000314  1000314        0     1                 .L0 
 1000318  1000318        0     1                 .L0 
 1000318  1000318        0     1                 .L0 
 100031e  100031e        0     1                 .L0 
 1000320  1000320        0     1                 .L0 
 1000322  1000322        0     1                 .L0 
 1000322  1000322        0     1                 .L0 
 100032c  100032c        0     1                 .L0 
 100032c  100032c        0     1                 .L0 
 100032c  100032c       66     4 .rodata
 100032c  100032c       66     1         <internal>:(.rodata.str1.1)
 1000394  1000394    1000c     4 .bss
 1000394  1000394        c     1         . = ALIGN(16) 
 10003a0  10003a0    10000     1         . += 64 * 1024
 10103a0  10103a0        0     1         __stack_top = .
 10103a0  10103a0        0     1         
       0        0      326     1 .debug_loclists
       0        0       4c     1         /var/folders/qj/b39v5tv96mq5nv9hzh517zz00000gn/T/shell-3cc83f.o:(.debug_loclists)
       0        0        0     1                 $d
       c        c        0     1                 .L0 
      4c       4c       d3     1         /var/folders/qj/b39v5tv96mq5nv9hzh517zz00000gn/T/user-e1372b.o:(.debug_loclists)
      4c       4c        0     1                 $d
      58       58        0     1                 .L0 
     11f      11f      207     1         /var/folders/qj/b39v5tv96mq5nv9hzh517zz00000gn/T/common-3c4872.o:(.debug_loclists)
     11f      11f        0     1                 $d
     12b      12b        0     1                 .L0 
       0        0      364     1 .debug_abbrev
       0        0      107     1         /var/folders/qj/b39v5tv96mq5nv9hzh517zz00000gn/T/shell-3cc83f.o:(.debug_abbrev)
       0        0        0     1                 $d
     107      107      11c     1         /var/folders/qj/b39v5tv96mq5nv9hzh517zz00000gn/T/user-e1372b.o:(.debug_abbrev)
     107      107        0     1                 $d
     223      223      141     1         /var/folders/qj/b39v5tv96mq5nv9hzh517zz00000gn/T/common-3c4872.o:(.debug_abbrev)
     223      223        0     1                 $d
       0        0      5f5     1 .debug_info
       0        0      1dd     1         /var/folders/qj/b39v5tv96mq5nv9hzh517zz00000gn/T/shell-3cc83f.o:(.debug_info)
       0        0        0     1                 $d
     1dd      1dd      1b2     1         /var/folders/qj/b39v5tv96mq5nv9hzh517zz00000gn/T/user-e1372b.o:(.debug_info)
     1dd      1dd        0     1                 $d
     38f      38f      266     1         /var/folders/qj/b39v5tv96mq5nv9hzh517zz00000gn/T/common-3c4872.o:(.debug_info)
     38f      38f        0     1                 $d
       0        0      138     1 .debug_str_offsets
       0        0       44     1         /var/folders/qj/b39v5tv96mq5nv9hzh517zz00000gn/T/shell-3cc83f.o:(.debug_str_offsets)
       0        0        0     1                 $d
       8        8        0     1                 .L0 
      44       44       54     1         /var/folders/qj/b39v5tv96mq5nv9hzh517zz00000gn/T/user-e1372b.o:(.debug_str_offsets)
      44       44        0     1                 $d
      4c       4c        0     1                 .L0 
      98       98       a0     1         /var/folders/qj/b39v5tv96mq5nv9hzh517zz00000gn/T/common-3c4872.o:(.debug_str_offsets)
      98       98        0     1                 $d
      a0       a0        0     1                 .L0 
       0        0      183     1 .debug_str
       0        0      183     1         <internal>:(.debug_str)
       0        0       d8     1 .debug_addr
       0        0       58     1         /var/folders/qj/b39v5tv96mq5nv9hzh517zz00000gn/T/shell-3cc83f.o:(.debug_addr)
       0        0        0     1                 $d
       8        8        0     1                 .L0 
      58       58       1c     1         /var/folders/qj/b39v5tv96mq5nv9hzh517zz00000gn/T/user-e1372b.o:(.debug_addr)
      58       58        0     1                 $d
      60       60        0     1                 .L0 
      74       74       64     1         /var/folders/qj/b39v5tv96mq5nv9hzh517zz00000gn/T/common-3c4872.o:(.debug_addr)
      74       74        0     1                 $d
      7c       7c        0     1                 .L0 
       0        0       3b     1 .comment
       0        0       3b     1         <internal>:(.comment)
       0        0       4e     1 .riscv.attributes
       0        0       4e     1         <internal>:(.riscv.attributes)
       0        0      140     4 .debug_frame
       0        0       44     4         /var/folders/qj/b39v5tv96mq5nv9hzh517zz00000gn/T/shell-3cc83f.o:(.debug_frame)
       0        0        0     1                 .L0 
       0        0        0     1                 $d
      44       44       64     4         /var/folders/qj/b39v5tv96mq5nv9hzh517zz00000gn/T/user-e1372b.o:(.debug_frame)
      44       44        0     1                 .L0 
      44       44        0     1                 $d
      a8       a8       98     4         /var/folders/qj/b39v5tv96mq5nv9hzh517zz00000gn/T/common-3c4872.o:(.debug_frame)
      a8       a8        0     1                 .L0 
      a8       a8        0     1                 $d
       0        0      48e     1 .debug_line
       0        0      124     1         /var/folders/qj/b39v5tv96mq5nv9hzh517zz00000gn/T/shell-3cc83f.o:(.debug_line)
       0        0        0     1                 .Lline_table_start0
       0        0        0     1                 $d
     124      124       90     1         /var/folders/qj/b39v5tv96mq5nv9hzh517zz00000gn/T/user-e1372b.o:(.debug_line)
     124      124        0     1                 .Lline_table_start0
     124      124        0     1                 $d
     1b4      1b4      2da     1         /var/folders/qj/b39v5tv96mq5nv9hzh517zz00000gn/T/common-3c4872.o:(.debug_line)
     1b4      1b4        0     1                 .Lline_table_start0
     1b4      1b4        0     1                 $d
       0        0       41     1 .debug_line_str
       0        0       41     1         <internal>:(.debug_line_str)
       0        0       32     1 .debug_rnglists
       0        0       17     1         /var/folders/qj/b39v5tv96mq5nv9hzh517zz00000gn/T/user-e1372b.o:(.debug_rnglists)
       0        0        0     1                 $d
       c        c        0     1                 .L0 
      17       17       1b     1         /var/folders/qj/b39v5tv96mq5nv9hzh517zz00000gn/T/common-3c4872.o:(.debug_rnglists)
      17       17        0     1                 $d
      23       23        0     1                 .L0 
       0        0      390     4 .symtab
       0        0      390     4         <internal>:(.symtab)
       0        0       d6     1 .shstrtab
       0        0       d6     1         <internal>:(.shstrtab)
       0        0       eb     1 .strtab
       0        0       eb     1         <internal>:(.strtab)
